Mender Artifact:
  Name: release-1
  Format: mender
  Version: 3
  Signature: no signature
  Compatible devices: [beaglebone]
  Provides group: 
  Depends on one of artifact(s): []
  Depends on one of group(s): []
  State scripts: []

Updates:
  - Type: rootfs-image
    Provides:
      rootfs-image.checksum: e3b0c44298fc1c149afbf4c8996fb92427ae41e4649b934ca495991b7852b855
      rootfs-image.version: release-1
    Depends: {}
    Clears Provides: [artifact_group, rootfs_image_checksum, rootfs-image.*]
    Metadata: {}
    Files:
      - checksum: e3b0c44298fc1c149afbf4c8996fb92427ae41e4649b934ca495991b7852b855
        modified: 2025-04-23 14:41:48 +0200 CEST
        name: rootfs.ext4
        size: 0
